
> gruinfacol@0.1.0 build
> next build

Ôû▓ Next.js 16.1.6 (Turbopack)
- Environments: .env.local

  Creating an optimized production build ...
Ô£ô Compiled successfully in 1603.5ms
  Running TypeScript ...
node.exe : Failed to 
compile.
En línea: 1 Carácter: 1
+ & "C:\Program 
Files\nodejs/node.exe" 
"C:\Program 
Files\nodejs/node_mo 
...
+ ~~~~~~~~~~~~~~~~~~~~~
~~~~~~~~~~~~~~~~~~~~~~~
~~~~~~~~~~~~~~~~~~~~~~~
~~
    + CategoryInfo     
         : NotSpecifi  
  ed: (Failed to com   
 pile.:String) [],     
RemoteException
    + FullyQualifiedEr 
   rorId : NativeComm  
  andError
 

./src/app/ventas/orders
/page.tsx:6:34
Type error: 
'"lucide-react"' has 
no exported member 
named 'PackageTick'. 
Did you mean 
'PackageIcon'?

[0m [90m 4 |[39m 
[36mimport[39m { 
useAuth } 
[36mfrom[39m [32m'@/
context/AuthContext'[3
9m[33m;[39m
 [90m 5 |[39m 
[36mimport[39m { 
supabase } 
[36mfrom[39m [32m'@/
lib/supabaseClient'[39
m[33m;[39m
[31m[1m>[22m[39m[9
0m 6 |[39m 
[36mimport[39m { [33
mShieldAlert[39m[33m,
[39m [33mArrowLeft[3
9m[33m,[39m [33mPack
ageTick[39m[33m,[39m
 [33mEdit[39m[33m,[
39m [33mFileText[39m
[33m,[39m [33mCheckCi
rcle[39m[33m,[39m [
33mTruck[39m[33m,[39
m [33mInfo[39m[33m,
[39m 
[33mSettings[39m } 
[36mfrom[39m [32m'lu
cide-react'[39m[33m;
[39m
 [90m   |[39m        
                       
   [31m[1m^[22m[39m
 [90m 7 |[39m
 [90m 8 |[39m 
[36mexport[39m 
[36mdefault[39m 
[36mfunction[39m [33
mVentasOrders[39m() {
 [90m 9 |[39m     
[36mconst[39m { 
user[33m,[39m 
isAuthenticated } 
[33m=[39m useAuth()[
33m;[39m[0m
Next.js build worker 
exited with code: 1 
and signal: null
